// Jest Snapshot v1, https://goo.gl/fbAQLP

exports[`ListingsContainer should match the snapshot with all the data passed in correctly 1`] = `
<section
  className="area-listings-container"
>
  <AreaListing
    id={590}
    listings={
      Array [
        Object {
          "address": Object {
            "street": "2250 Lawrence St",
            "zip": "80205",
          },
          "area": "rino",
          "area_id": 590,
          "db_connect": 834470,
          "details": Object {
            "baths": 2.5,
            "beds": 3,
            "cost_per_night": 420,
            "features": Array [
              "hot tub",
              "espresso machine",
            ],
            "neighborhood_id": 5124122,
            "seller_source": "91jss1",
            "superhost": true,
          },
          "dev_id": "u4gh2j",
          "listing_id": 3,
          "name": "Hip RiNo Party Spot",
        },
      ]
    }
  />
</section>
`;
