// Jest Snapshot v1, https://goo.gl/fbAQLP

exports[`Error should match the snapshot with all the data passed in correctly 1`] = `
<section>
  <h1>
    There was an error: 
    <Component />
  </h1>
</section>
`;
